on_function_begin
on_function_begin
on_function_begin
string(4) "test"
on_function_end
on_function_end
on_function_end